<html xmlns:diff="http://namespaces.shoobx.com/diff">
  <head>
    <title><diff:delete>Example</diff:delete> HTML <diff:insert>Example</diff:insert> but longer</title>
  </head>
  <body>
    <h1>My <i diff:insert-formatting="">First</i> Heading</h1>
    <p>First paragraph is the same</p>
    <p>My <diff:delete>second</diff:delete> very long paragraph <diff:insert>has changed</diff:insert></p>
  </body>
</html>
